Archive member included to satisfy reference by file (symbol)

/home/vbox/STM32/libopencm3-examples/libopencm3/lib/libopencm3_stm32f1.a(gpio.o)
                              ./src/main.o (gpio_set_mode)
/home/vbox/STM32/libopencm3-examples/libopencm3/lib/libopencm3_stm32f1.a(rcc.o)
                              ./src/main.o (rcc_clock_setup_in_hse_8mhz_out_72mhz)
/home/vbox/STM32/libopencm3-examples/libopencm3/lib/libopencm3_stm32f1.a(dma_common_l1f013.o)
                              ./src/vga.o (dma_channel_reset)
/home/vbox/STM32/libopencm3-examples/libopencm3/lib/libopencm3_stm32f1.a(gpio_common_all.o)
                              ./src/vga.o (gpio_set)
/home/vbox/STM32/libopencm3-examples/libopencm3/lib/libopencm3_stm32f1.a(timer_common_all.o)
                              ./src/vga.o (timer_enable_irq)
/home/vbox/STM32/libopencm3-examples/libopencm3/lib/libopencm3_stm32f1.a(usart_common_all.o)
                              ./src/main.o (usart_set_baudrate)
/home/vbox/STM32/libopencm3-examples/libopencm3/lib/libopencm3_stm32f1.a(usart_common_f124.o)
                              /home/vbox/STM32/libopencm3-examples/libopencm3/lib/libopencm3_stm32f1.a(usart_common_all.o) (usart_send)
/home/vbox/STM32/libopencm3-examples/libopencm3/lib/libopencm3_stm32f1.a(rcc_common_all.o)
                              ./src/main.o (rcc_periph_clock_enable)
/home/vbox/STM32/libopencm3-examples/libopencm3/lib/libopencm3_stm32f1.a(flash_common_all.o)
                              /home/vbox/STM32/libopencm3-examples/libopencm3/lib/libopencm3_stm32f1.a(rcc.o) (flash_set_ws)
/home/vbox/STM32/libopencm3-examples/libopencm3/lib/libopencm3_stm32f1.a(spi_common_all.o)
                              ./src/vga.o (spi_enable)
/home/vbox/STM32/libopencm3-examples/libopencm3/lib/libopencm3_stm32f1.a(spi_common_v1.o)
                              ./src/vga.o (spi_init_master)
/home/vbox/STM32/libopencm3-examples/libopencm3/lib/libopencm3_stm32f1.a(vector.o)
                              (reset_handler)
/home/vbox/STM32/libopencm3-examples/libopencm3/lib/libopencm3_stm32f1.a(nvic.o)
                              ./src/vga.o (nvic_enable_irq)
/home/vbox/STM32/libopencm3-examples/libopencm3/lib/libopencm3_stm32f1.a(assert.o)
                              /home/vbox/STM32/libopencm3-examples/libopencm3/lib/libopencm3_stm32f1.a(rcc.o) (cm3_assert_failed)
/usr/lib/gcc/arm-none-eabi/8.2.0/../../../../arm-none-eabi/lib/thumb/v7-m/nofp/libc_nano.a(lib_a-printf.o)
                              ./src/main.o (printf)
/usr/lib/gcc/arm-none-eabi/8.2.0/../../../../arm-none-eabi/lib/thumb/v7-m/nofp/libc_nano.a(lib_a-findfp.o)
                              /usr/lib/gcc/arm-none-eabi/8.2.0/../../../../arm-none-eabi/lib/thumb/v7-m/nofp/libc_nano.a(lib_a-printf.o) (__sinit)
/usr/lib/gcc/arm-none-eabi/8.2.0/../../../../arm-none-eabi/lib/thumb/v7-m/nofp/libc_nano.a(lib_a-fwalk.o)
                              /usr/lib/gcc/arm-none-eabi/8.2.0/../../../../arm-none-eabi/lib/thumb/v7-m/nofp/libc_nano.a(lib_a-findfp.o) (_fwalk)
/usr/lib/gcc/arm-none-eabi/8.2.0/../../../../arm-none-eabi/lib/thumb/v7-m/nofp/libc_nano.a(lib_a-impure.o)
                              /usr/lib/gcc/arm-none-eabi/8.2.0/../../../../arm-none-eabi/lib/thumb/v7-m/nofp/libc_nano.a(lib_a-findfp.o) (_global_impure_ptr)
/usr/lib/gcc/arm-none-eabi/8.2.0/../../../../arm-none-eabi/lib/thumb/v7-m/nofp/libc_nano.a(lib_a-memset.o)
                              /usr/lib/gcc/arm-none-eabi/8.2.0/../../../../arm-none-eabi/lib/thumb/v7-m/nofp/libc_nano.a(lib_a-findfp.o) (memset)
/usr/lib/gcc/arm-none-eabi/8.2.0/../../../../arm-none-eabi/lib/thumb/v7-m/nofp/libc_nano.a(lib_a-nano-mallocr.o)
                              /usr/lib/gcc/arm-none-eabi/8.2.0/../../../../arm-none-eabi/lib/thumb/v7-m/nofp/libc_nano.a(lib_a-findfp.o) (_malloc_r)
/usr/lib/gcc/arm-none-eabi/8.2.0/../../../../arm-none-eabi/lib/thumb/v7-m/nofp/libc_nano.a(lib_a-nano-vfprintf.o)
                              /usr/lib/gcc/arm-none-eabi/8.2.0/../../../../arm-none-eabi/lib/thumb/v7-m/nofp/libc_nano.a(lib_a-printf.o) (_vfprintf_r)
/usr/lib/gcc/arm-none-eabi/8.2.0/../../../../arm-none-eabi/lib/thumb/v7-m/nofp/libc_nano.a(lib_a-sbrkr.o)
                              /usr/lib/gcc/arm-none-eabi/8.2.0/../../../../arm-none-eabi/lib/thumb/v7-m/nofp/libc_nano.a(lib_a-nano-mallocr.o) (_sbrk_r)
/usr/lib/gcc/arm-none-eabi/8.2.0/../../../../arm-none-eabi/lib/thumb/v7-m/nofp/libc_nano.a(lib_a-stdio.o)
                              /usr/lib/gcc/arm-none-eabi/8.2.0/../../../../arm-none-eabi/lib/thumb/v7-m/nofp/libc_nano.a(lib_a-findfp.o) (__sread)
/usr/lib/gcc/arm-none-eabi/8.2.0/../../../../arm-none-eabi/lib/thumb/v7-m/nofp/libc_nano.a(lib_a-wbuf.o)
                              /usr/lib/gcc/arm-none-eabi/8.2.0/../../../../arm-none-eabi/lib/thumb/v7-m/nofp/libc_nano.a(lib_a-nano-vfprintf.o) (__swbuf_r)
/usr/lib/gcc/arm-none-eabi/8.2.0/../../../../arm-none-eabi/lib/thumb/v7-m/nofp/libc_nano.a(lib_a-writer.o)
[...]
Memory Configuration

Name             Origin             Length             Attributes
rom              0x0000000008000000 0x0000000000020000 xr
ram              0x0000000020000000 0x0000000000005000 xrw
*default*        0x0000000000000000 0xffffffffffffffff

Linker script and memory map

LOAD ./src/main.o
LOAD ./src/vga.o
LOAD /home/vbox/STM32/libopencm3-examples/libopencm3/lib/libopencm3_stm32f1.a
LOAD /usr/lib/gcc/arm-none-eabi/8.2.0/thumb/v7-m/nofp/libgcc.a
LOAD /usr/lib/gcc/arm-none-eabi/8.2.0/../../../../arm-none-eabi/lib/thumb/v7-m/nofp/libnosys.a
LOAD /usr/lib/gcc/arm-none-eabi/8.2.0/../../../../arm-none-eabi/lib/thumb/v7-m/nofp/libstdc++_nano.a
LOAD /usr/lib/gcc/arm-none-eabi/8.2.0/../../../../arm-none-eabi/lib/thumb/v7-m/nofp/libm.a
LOAD /usr/lib/gcc/arm-none-eabi/8.2.0/../../../../arm-none-eabi/lib/thumb/v7-m/nofp/libc_nano.a
START GROUP
LOAD /usr/lib/gcc/arm-none-eabi/8.2.0/thumb/v7-m/nofp/libgcc.a
LOAD /usr/lib/gcc/arm-none-eabi/8.2.0/../../../../arm-none-eabi/lib/thumb/v7-m/nofp/libc_nano.a
END GROUP
START GROUP
LOAD /usr/lib/gcc/arm-none-eabi/8.2.0/thumb/v7-m/nofp/libgcc.a
LOAD /usr/lib/gcc/arm-none-eabi/8.2.0/../../../../arm-none-eabi/lib/thumb/v7-m/nofp/libc_nano.a
LOAD /usr/lib/gcc/arm-none-eabi/8.2.0/../../../../arm-none-eabi/lib/thumb/v7-m/nofp/libnosys.a
END GROUP
START GROUP
LOAD /usr/lib/gcc/arm-none-eabi/8.2.0/thumb/v7-m/nofp/libgcc.a
LOAD /usr/lib/gcc/arm-none-eabi/8.2.0/../../../../arm-none-eabi/lib/thumb/v7-m/nofp/libc_nano.a
LOAD /usr/lib/gcc/arm-none-eabi/8.2.0/../../../../arm-none-eabi/lib/thumb/v7-m/nofp/libnosys.a
END GROUP

.text           0x0000000008000000     0x18e4
 *(.vectors)
 .vectors       0x0000000008000000      0x150 /home/vbox/STM32/libopencm3-examples/libopencm3/lib/libopencm3_stm32f1.a(vector.o)
                0x0000000008000000                vector_table
 *(.text*)
 .text._write   0x0000000008000150       0x24 ./src/main.o
                0x0000000008000150                _write
 .text.startup.main
                0x0000000008000174       0x90 ./src/main.o
                0x0000000008000174                main
 .text.VGA_init
                0x0000000008000204       0xfc ./src/vga.o
                0x0000000008000204                VGA_init
 .text.draw     0x0000000008000300       0x7c ./src/vga.o
                0x0000000008000300                draw
 .text.update   0x000000000800037c      0x100 ./src/vga.o
                0x000000000800037c                update
 .text.tim2_isr
                0x000000000800047c       0x24 ./src/vga.o
                0x000000000800047c                tim2_isr
 .text.gpio_set_mode
                0x00000000080004a0       0x5e /home/vbox/STM32/libopencm3-examples/libopencm3/lib/libopencm3_stm32f1.a(gpio.o)
                0x00000000080004a0                gpio_set_mode
 *fill*         0x00000000080004fe        0x2 
 .text.rcc_osc_on.part.1
                0x0000000008000500       0x10 /home/vbox/STM32/libopencm3-examples/libopencm3/lib/libopencm3_stm32f1.a(rcc.o)
 .text.rcc_is_osc_ready
                0x0000000008000510       0x5c /home/vbox/STM32/libopencm3-examples/libopencm3/lib/libopencm3_stm32f1.a(rcc.o)
                0x0000000008000510                rcc_is_osc_ready
 .text.rcc_wait_for_osc_ready
                0x000000000800056c       0x10 /home/vbox/STM32/libopencm3-examples/libopencm3/lib/libopencm3_stm32f1.a(rcc.o)
                0x000000000800056c                rcc_wait_for_osc_ready
 .text.rcc_osc_on
                0x000000000800057c       0x54 /home/vbox/STM32/libopencm3-examples/libopencm3/lib/libopencm3_stm32f1.a(rcc.o)
                0x000000000800057c                rcc_osc_on
 .text.rcc_set_sysclk_source
                0x00000000080005d0       0x14 /home/vbox/STM32/libopencm3-examples/libopencm3/lib/libopencm3_stm32f1.a(rcc.o)
                0x00000000080005d0                rcc_set_sysclk_source
 .text.rcc_set_pll_multiplication_factor
                0x00000000080005e4       0x14 /home/vbox/STM32/libopencm3-examples/libopencm3/lib/libopencm3_stm32f1.a(rcc.o)
                0x00000000080005e4                rcc_set_pll_multiplication_factor
 .text.rcc_set_pll_source
                0x00000000080005f8       0x14 /home/vbox/STM32/libopencm3-examples/libopencm3/lib/libopencm3_stm32f1.a(rcc.o)
                0x00000000080005f8                rcc_set_pll_source
 .text.rcc_set_pllxtpre
                0x000000000800060c       0x14 /home/vbox/STM32/libopencm3-examples/libopencm3/lib/libopencm3_stm32f1.a(rcc.o)
                0x000000000800060c                rcc_set_pllxtpre
 .text.rcc_set_adcpre
                0x0000000008000620       0x14 /home/vbox/STM32/libopencm3-examples/libopencm3/lib/libopencm3_stm32f1.a(rcc.o)
                0x0000000008000620                rcc_set_adcpre
 .text.rcc_set_ppre2
                0x0000000008000634       0x14 /home/vbox/STM32/libopencm3-examples/libopencm3/lib/libopencm3_stm32f1.a(rcc.o)
                0x0000000008000634                rcc_set_ppre2
 .text.rcc_set_ppre1
                0x0000000008000648       0x14 /home/vbox/STM32/libopencm3-examples/libopencm3/lib/libopencm3_stm32f1.a(rcc.o)
                0x0000000008000648                rcc_set_ppre1
 .text.rcc_set_hpre
                0x000000000800065c       0x14 /home/vbox/STM32/libopencm3-examples/libopencm3/lib/libopencm3_stm32f1.a(rcc.o)
                0x000000000800065c                rcc_set_hpre
 .text.rcc_clock_setup_in_hse_8mhz_out_72mhz
                0x0000000008000670       0x8c /home/vbox/STM32/libopencm3-examples/libopencm3/lib/libopencm3_stm32f1.a(rcc.o)
                0x0000000008000670                rcc_clock_setup_in_hse_8mhz_out_72mhz
 .text.dma_channel_reset
                0x00000000080006fc       0x20 /home/vbox/STM32/libopencm3-examples/libopencm3/lib/libopencm3_stm32f1.a(dma_common_l1f013.o)
                0x00000000080006fc                dma_channel_reset
 .text.dma_set_priority
                0x000000000800071c       0x18 /home/vbox/STM32/libopencm3-examples/libopencm3/lib/libopencm3_stm32f1.a(dma_common_l1f013.o)
                0x000000000800071c                dma_set_priority
 .text.dma_set_memory_size
                0x0000000008000734       0x18 /home/vbox/STM32/libopencm3-examples/libopencm3/lib/libopencm3_stm32f1.a(dma_common_l1f013.o)
                0x0000000008000734                dma_set_memory_size
 .text.dma_enable_memory_increment_mode
                0x000000000800074c       0x12 /home/vbox/STM32/libopencm3-examples/libopencm3/lib/libopencm3_stm32f1.a(dma_common_l1f013.o)
                0x000000000800074c                dma_enable_memory_increment_mode
 .text.dma_disable_peripheral_increment_mode
                0x000000000800075e       0x12 /home/vbox/STM32/libopencm3-examples/libopencm3/lib/libopencm3_stm32f1.a(dma_common_l1f013.o)
                0x000000000800075e                dma_disable_peripheral_increment_mode
 .text.dma_set_read_from_memory
                0x0000000008000770       0x12 /home/vbox/STM32/libopencm3-examples/libopencm3/lib/libopencm3_stm32f1.a(dma_common_l1f013.o)
                0x0000000008000770                dma_set_read_from_memory
 .text.dma_enable_channel
                0x0000000008000782       0x12 /home/vbox/STM32/libopencm3-examples/libopencm3/lib/libopencm3_stm32f1.a(dma_common_l1f013.o)
                0x0000000008000782                dma_enable_channel
 .text.dma_set_peripheral_address
                0x0000000008000794       0x12 /home/vbox/STM32/libopencm3-examples/libopencm3/lib/libopencm3_stm32f1.a(dma_common_l1f013.o)
                0x0000000008000794                dma_set_peripheral_address
 .text.dma_set_memory_address
                0x00000000080007a6       0x12 /home/vbox/STM32/libopencm3-examples/libopencm3/lib/libopencm3_stm32f1.a(dma_common_l1f013.o)
                0x00000000080007a6                dma_set_memory_address
 .text.dma_set_number_of_data
                0x00000000080007b8        0xc /home/vbox/STM32/libopencm3-examples/libopencm3/lib/libopencm3_stm32f1.a(dma_common_l1f013.o)
                0x00000000080007b8                dma_set_number_of_data
 .text.gpio_set
                0x00000000080007c4        0x4 /home/vbox/STM32/libopencm3-examples/libopencm3/lib/libopencm3_stm32f1.a(gpio_common_all.o)
                0x00000000080007c4                gpio_set
 .text.gpio_clear
                0x00000000080007c8        0x6 /home/vbox/STM32/libopencm3-examples/libopencm3/lib/libopencm3_stm32f1.a(gpio_common_all.o)
                0x00000000080007c8                gpio_clear
 .text.timer_enable_irq
                0x00000000080007ce        0x8 /home/vbox/STM32/libopencm3-examples/libopencm3/lib/libopencm3_stm32f1.a(timer_common_all.o)
                0x00000000080007ce                timer_enable_irq
 .text.timer_get_flag
                0x00000000080007d6        0xc /home/vbox/STM32/libopencm3-examples/libopencm3/lib/libopencm3_stm32f1.a(timer_common_all.o)
                0x00000000080007d6                timer_get_flag
 .text.timer_clear_flag
                0x00000000080007e2        0x6 /home/vbox/STM32/libopencm3-examples/libopencm3/lib/libopencm3_stm32f1.a(timer_common_all.o)
                0x00000000080007e2                timer_clear_flag
 .text.timer_set_mode
                0x00000000080007e8       0x12 /home/vbox/STM32/libopencm3-examples/libopencm3/lib/libopencm3_stm32f1.a(timer_common_all.o)
                0x00000000080007e8                timer_set_mode
 .text.timer_enable_preload
                0x00000000080007fa        0xa /home/vbox/STM32/libopencm3-examples/libopencm3/lib/libopencm3_stm32f1.a(timer_common_all.o)
                0x00000000080007fa                timer_enable_preload
 .text.timer_enable_counter
                0x0000000008000804        0xa /home/vbox/STM32/libopencm3-examples/libopencm3/lib/libopencm3_stm32f1.a(timer_common_all.o)
                0x0000000008000804                timer_enable_counter
 .text.timer_set_prescaler
                0x000000000800080e        0x4 /home/vbox/STM32/libopencm3-examples/libopencm3/lib/libopencm3_stm32f1.a(timer_common_all.o)
                0x000000000800080e                timer_set_prescaler
 .text.timer_set_period
                0x0000000008000812        0x4 /home/vbox/STM32/libopencm3-examples/libopencm3/lib/libopencm3_stm32f1.a(timer_common_all.o)
                0x0000000008000812                timer_set_period
 .text.timer_set_counter
                0x0000000008000816        0x4 /home/vbox/STM32/libopencm3-examples/libopencm3/lib/libopencm3_stm32f1.a(timer_common_all.o)
                0x0000000008000816                timer_set_counter
 *fill*         0x000000000800081a        0x2 
 .text.usart_set_baudrate
                0x000000000800081c       0x28 /home/vbox/STM32/libopencm3-examples/libopencm3/lib/libopencm3_stm32f1.a(usart_common_all.o)
                0x000000000800081c                usart_set_baudrate
 .text.usart_set_databits
                0x0000000008000844       0x12 /home/vbox/STM32/libopencm3-examples/libopencm3/lib/libopencm3_stm32f1.a(usart_common_all.o)
                0x0000000008000844                usart_set_databits
 .text.usart_set_stopbits
                0x0000000008000856        0xc /home/vbox/STM32/libopencm3-examples/libopencm3/lib/libopencm3_stm32f1.a(usart_common_all.o)
                0x0000000008000856                usart_set_stopbits
 .text.usart_set_parity
                0x0000000008000862        0xc /home/vbox/STM32/libopencm3-examples/libopencm3/lib/libopencm3_stm32f1.a(usart_common_all.o)
                0x0000000008000862                usart_set_parity
 .text.usart_set_mode
                0x000000000800086e        0xc /home/vbox/STM32/libopencm3-examples/libopencm3/lib/libopencm3_stm32f1.a(usart_common_all.o)
                0x000000000800086e                usart_set_mode
 .text.usart_set_flow_control
                0x000000000800087a        0xc /home/vbox/STM32/libopencm3-examples/libopencm3/lib/libopencm3_stm32f1.a(usart_common_all.o)
                0x000000000800087a                usart_set_flow_control
 .text.usart_enable
                0x0000000008000886        0xa /home/vbox/STM32/libopencm3-examples/libopencm3/lib/libopencm3_stm32f1.a(usart_common_all.o)
                0x0000000008000886                usart_enable
 .text.usart_send_blocking
                0x0000000008000890       0x16 /home/vbox/STM32/libopencm3-examples/libopencm3/lib/libopencm3_stm32f1.a(usart_common_all.o)
                0x0000000008000890                usart_send_blocking
 .text.usart_send
                0x00000000080008a6        0x8 /home/vbox/STM32/libopencm3-examples/libopencm3/lib/libopencm3_stm32f1.a(usart_common_f124.o)
                0x00000000080008a6                usart_send
 .text.usart_wait_send_ready
                0x00000000080008ae        0x8 /home/vbox/STM32/libopencm3-examples/libopencm3/lib/libopencm3_stm32f1.a(usart_common_f124.o)
                0x00000000080008ae                usart_wait_send_ready
 .text.rcc_periph_clock_enable
                0x00000000080008b6       0x1a /home/vbox/STM32/libopencm3-examples/libopencm3/lib/libopencm3_stm32f1.a(rcc_common_all.o)
                0x00000000080008b6                rcc_periph_clock_enable
 .text.flash_set_ws
                0x00000000080008d0       0x14 /home/vbox/STM32/libopencm3-examples/libopencm3/lib/libopencm3_stm32f1.a(flash_common_all.o)
                0x00000000080008d0                flash_set_ws
 .text.spi_enable
                0x00000000080008e4        0xa /home/vbox/STM32/libopencm3-examples/libopencm3/lib/libopencm3_stm32f1.a(spi_common_all.o)
                0x00000000080008e4                spi_enable
 .text.spi_enable_software_slave_management
                0x00000000080008ee       0x12 /home/vbox/STM32/libopencm3-examples/libopencm3/lib/libopencm3_stm32f1.a(spi_common_all.o)
                0x00000000080008ee                spi_enable_software_slave_management
 .text.spi_set_nss_high
                0x0000000008000900        0xa /home/vbox/STM32/libopencm3-examples/libopencm3/lib/libopencm3_stm32f1.a(spi_common_all.o)
                0x0000000008000900                spi_set_nss_high
 .text.spi_enable_tx_dma
                0x000000000800090a        0xa /home/vbox/STM32/libopencm3-examples/libopencm3/lib/libopencm3_stm32f1.a(spi_common_all.o)
                0x000000000800090a                spi_enable_tx_dma
 .text.spi_init_master
                0x0000000008000914       0x28 /home/vbox/STM32/libopencm3-examples/libopencm3/lib/libopencm3_stm32f1.a(spi_common_v1.o)
                0x0000000008000914                spi_init_master
 .text.blocking_handler
                0x000000000800093c        0x2 /home/vbox/STM32/libopencm3-examples/libopencm3/lib/libopencm3_stm32f1.a(vector.o)
                0x000000000800093c                usart3_isr
                0x000000000800093c                rtc_isr
                0x000000000800093c                tim7_isr
                0x000000000800093c                adc1_2_isr
                0x000000000800093c                tim1_trg_com_isr
                0x000000000800093c                usb_hp_can_tx_isr
                0x000000000800093c                tim6_isr
                0x000000000800093c                usb_wakeup_isr
                0x000000000800093c                blocking_handler
                0x000000000800093c                tim5_isr
                0x000000000800093c                otg_fs_isr
                0x000000000800093c                spi1_isr
                0x000000000800093c                exti2_isr
                0x000000000800093c                dma1_channel6_isr
                0x000000000800093c                can_rx1_isr
                0x000000000800093c                dma1_channel5_isr
                0x000000000800093c                dma2_channel5_isr
                0x000000000800093c                usart1_isr
                0x000000000800093c                usage_fault_handler
                0x000000000800093c                tim8_trg_com_isr
                0x000000000800093c                can2_rx0_isr
                0x000000000800093c                tim1_brk_isr
                0x000000000800093c                can2_rx1_isr
                0x000000000800093c                tim1_cc_isr
                0x000000000800093c                sdio_isr
                0x000000000800093c                eth_isr
                0x000000000800093c                dma1_channel4_isr
                0x000000000800093c                tim8_brk_isr
                0x000000000800093c                dma2_channel4_5_isr
                0x000000000800093c                pvd_isr
                0x000000000800093c                rcc_isr
                0x000000000800093c                flash_isr
                0x000000000800093c                uart4_isr
                0x000000000800093c                rtc_alarm_isr
                0x000000000800093c                exti15_10_isr
                0x000000000800093c                hard_fault_handler
                0x000000000800093c                exti1_isr
                0x000000000800093c                i2c1_ev_isr
                0x000000000800093c                dma2_channel1_isr
                0x000000000800093c                spi2_isr
                0x000000000800093c                tim8_up_isr
                0x000000000800093c                dma2_channel2_isr
                0x000000000800093c                exti3_isr
                0x000000000800093c                adc3_isr
                0x000000000800093c                tim3_isr
                0x000000000800093c                usart2_isr
                0x000000000800093c                usb_lp_can_rx0_isr
                0x000000000800093c                i2c2_er_isr
                0x000000000800093c                i2c2_ev_isr
                0x000000000800093c                uart5_isr
                0x000000000800093c                fsmc_isr
                0x000000000800093c                dma1_channel1_isr
                0x000000000800093c                exti4_isr
                0x000000000800093c                mem_manage_handler
                0x000000000800093c                can2_tx_isr
                0x000000000800093c                exti9_5_isr
                0x000000000800093c                dma2_channel3_isr
                0x000000000800093c                dma1_channel7_isr
                0x000000000800093c                tim1_up_isr
                0x000000000800093c                can2_sce_isr
                0x000000000800093c                tim4_isr
                0x000000000800093c                dma1_channel2_isr
                0x000000000800093c                i2c1_er_isr
                0x000000000800093c                can_sce_isr
                0x000000000800093c                tim8_cc_isr
                0x000000000800093c                tamper_isr
                0x000000000800093c                eth_wkup_isr
                0x000000000800093c                bus_fault_handler
                0x000000000800093c                wwdg_isr
                0x000000000800093c                dma1_channel3_isr
                0x000000000800093c                spi3_isr
                0x000000000800093c                exti0_isr
 .text.null_handler
                0x000000000800093e        0x2 /home/vbox/STM32/libopencm3-examples/libopencm3/lib/libopencm3_stm32f1.a(vector.o)
                0x000000000800093e                null_handler
                0x000000000800093e                sv_call_handler
                0x000000000800093e                pend_sv_handler
                0x000000000800093e                debug_monitor_handler
                0x000000000800093e                sys_tick_handler
                0x000000000800093e                nmi_handler
 .text.reset_handler
                0x0000000008000940       0x90 /home/vbox/STM32/libopencm3-examples/libopencm3/lib/libopencm3_stm32f1.a(vector.o)
                0x0000000008000940                reset_handler
 .text.nvic_enable_irq
                0x00000000080009d0       0x1a /home/vbox/STM32/libopencm3-examples/libopencm3/lib/libopencm3_stm32f1.a(nvic.o)
                0x00000000080009d0                nvic_enable_irq
 *fill*         0x00000000080009ea        0x2 
 .text.printf   0x00000000080009ec       0x30 /usr/lib/gcc/arm-none-eabi/8.2.0/../../../../arm-none-eabi/lib/thumb/v7-m/nofp/libc_nano.a(lib_a-printf.o)
                0x00000000080009ec                printf
                0x00000000080009ec                iprintf
 .text.std      0x0000000008000a1c       0x48 /usr/lib/gcc/arm-none-eabi/8.2.0/../../../../arm-none-eabi/lib/thumb/v7-m/nofp/libc_nano.a(lib_a-findfp.o)
 .text._cleanup_r
                0x0000000008000a64        0xc /usr/lib/gcc/arm-none-eabi/8.2.0/../../../../arm-none-eabi/lib/thumb/v7-m/nofp/libc_nano.a(lib_a-findfp.o)
                0x0000000008000a64                _cleanup_r
 .text.__sfmoreglue
                0x0000000008000a70       0x2c /usr/lib/gcc/arm-none-eabi/8.2.0/../../../../arm-none-eabi/lib/thumb/v7-m/nofp/libc_nano.a(lib_a-findfp.o)
                0x0000000008000a70                __sfmoreglue
 .text.__sinit  0x0000000008000a9c       0x60 /usr/lib/gcc/arm-none-eabi/8.2.0/../../../../arm-none-eabi/lib/thumb/v7-m/nofp/libc_nano.a(lib_a-findfp.o)
                0x0000000008000a9c                __sinit
 .text.__sfp    0x0000000008000afc       0x78 /usr/lib/gcc/arm-none-eabi/8.2.0/../../../../arm-none-eabi/lib/thumb/v7-m/nofp/libc_nano.a(lib_a-findfp.o)
                0x0000000008000afc                __sfp
 .text._fwalk_reent
                0x0000000008000b74       0x3c /usr/lib/gcc/arm-none-eabi/8.2.0/../../../../arm-none-eabi/lib/thumb/v7-m/nofp/libc_nano.a(lib_a-fwalk.o)
                0x0000000008000b74                _fwalk_reent
 .text.memset   0x0000000008000bb0       0x10 /usr/lib/gcc/arm-none-eabi/8.2.0/../../../../arm-none-eabi/lib/thumb/v7-m/nofp/libc_nano.a(lib_a-memset.o)
                0x0000000008000bb0                memset
 .text._malloc_r
                0x0000000008000bc0       0xb4 /usr/lib/gcc/arm-none-eabi/8.2.0/../../../../arm-none-eabi/lib/thumb/v7-m/nofp/libc_nano.a(lib_a-nano-mallocr.o)
                0x0000000008000bc0                _malloc_r
 .text.__sfputc_r
                0x0000000008000c74       0x2a /usr/lib/gcc/arm-none-eabi/8.2.0/../../../../arm-none-eabi/lib/thumb/v7-m/nofp/libc_nano.a(lib_a-nano-vfprintf.o)
 .text.__sfputs_r
                0x0000000008000c9e       0x24 /usr/lib/gcc/arm-none-eabi/8.2.0/../../../../arm-none-eabi/lib/thumb/v7-m/nofp/libc_nano.a(lib_a-nano-vfprintf.o)
                0x0000000008000c9e                __sfputs_r
 *fill*         0x0000000008000cc2        0x2 
 .text._vfprintf_r
                0x0000000008000cc4      0x218 /usr/lib/gcc/arm-none-eabi/8.2.0/../../../../arm-none-eabi/lib/thumb/v7-m/nofp/libc_nano.a(lib_a-nano-vfprintf.o)
                0x0000000008000cc4                _vfiprintf_r
                0x0000000008000cc4                _vfprintf_r
 .text._sbrk_r  0x0000000008000edc       0x20 /usr/lib/gcc/arm-none-eabi/8.2.0/../../../../arm-none-eabi/lib/thumb/v7-m/nofp/libc_nano.a(lib_a-sbrkr.o)
                0x0000000008000edc                _sbrk_r
 .text.__sread  0x0000000008000efc       0x22 /usr/lib/gcc/arm-none-eabi/8.2.0/../../../../arm-none-eabi/lib/thumb/v7-m/nofp/libc_nano.a(lib_a-stdio.o)
                0x0000000008000efc                __sread
 .text.__swrite
                0x0000000008000f1e       0x38 /usr/lib/gcc/arm-none-eabi/8.2.0/../../../../arm-none-eabi/lib/thumb/v7-m/nofp/libc_nano.a(lib_a-stdio.o)
                0x0000000008000f1e                __swrite
 .text.__sseek  0x0000000008000f56       0x24 /usr/lib/gcc/arm-none-eabi/8.2.0/../../../../arm-none-eabi/lib/thumb/v7-m/nofp/libc_nano.a(lib_a-stdio.o)
                0x0000000008000f56                __sseek
 .text.__sclose
                0x0000000008000f7a        0x8 /usr/lib/gcc/arm-none-eabi/8.2.0/../../../../arm-none-eabi/lib/thumb/v7-m/nofp/libc_nano.a(lib_a-stdio.o)
                0x0000000008000f7a                __sclose
 *fill*         0x0000000008000f82        0x2 
 .text.__swbuf_r
                0x0000000008000f84       0xa4 /usr/lib/gcc/arm-none-eabi/8.2.0/../../../../arm-none-eabi/lib/thumb/v7-m/nofp/libc_nano.a(lib_a-wbuf.o)
                0x0000000008000f84                __swbuf_r
 .text._write_r
                0x0000000008001028       0x24 /usr/lib/gcc/arm-none-eabi/8.2.0/../../../../arm-none-eabi/lib/thumb/v7-m/nofp/libc_nano.a(lib_a-writer.o)
                0x0000000008001028                _write_r
 .text.__swsetup_r
                0x000000000800104c       0xdc /usr/lib/gcc/arm-none-eabi/8.2.0/../../../../arm-none-eabi/lib/thumb/v7-m/nofp/libc_nano.a(lib_a-wsetup.o)
                0x000000000800104c                __swsetup_r
 .text._close_r
                0x0000000008001128       0x20 /usr/lib/gcc/arm-none-eabi/8.2.0/../../../../arm-none-eabi/lib/thumb/v7-m/nofp/libc_nano.a(lib_a-closer.o)
                0x0000000008001128                _close_r
 .text.__sflush_r
                0x0000000008001148      0x10c /usr/lib/gcc/arm-none-eabi/8.2.0/../../../../arm-none-eabi/lib/thumb/v7-m/nofp/libc_nano.a(lib_a-fflush.o)
                0x0000000008001148                __sflush_r
 .text._fflush_r
                0x0000000008001254       0x54 /usr/lib/gcc/arm-none-eabi/8.2.0/../../../../arm-none-eabi/lib/thumb/v7-m/nofp/libc_nano.a(lib_a-fflush.o)
                0x0000000008001254                _fflush_r
 .text._lseek_r
                0x00000000080012a8       0x24 /usr/lib/gcc/arm-none-eabi/8.2.0/../../../../arm-none-eabi/lib/thumb/v7-m/nofp/libc_nano.a(lib_a-lseekr.o)
                0x00000000080012a8                _lseek_r
 .text.__swhatbuf_r
                0x00000000080012cc       0x48 /usr/lib/gcc/arm-none-eabi/8.2.0/../../../../arm-none-eabi/lib/thumb/v7-m/nofp/libc_nano.a(lib_a-makebuf.o)
                0x00000000080012cc                __swhatbuf_r
 .text.__smakebuf_r
                0x0000000008001314       0x80 /usr/lib/gcc/arm-none-eabi/8.2.0/../../../../arm-none-eabi/lib/thumb/v7-m/nofp/libc_nano.a(lib_a-makebuf.o)
                0x0000000008001314                __smakebuf_r
 .text.memchr   0x0000000008001394       0x1c /usr/lib/gcc/arm-none-eabi/8.2.0/../../../../arm-none-eabi/lib/thumb/v7-m/nofp/libc_nano.a(lib_a-memchr-stub.o)
                0x0000000008001394                memchr
 .text.__malloc_lock
                0x00000000080013b0        0x2 /usr/lib/gcc/arm-none-eabi/8.2.0/../../../../arm-none-eabi/lib/thumb/v7-m/nofp/libc_nano.a(lib_a-mlock.o)
                0x00000000080013b0                __malloc_lock
 .text.__malloc_unlock
                0x00000000080013b2        0x2 /usr/lib/gcc/arm-none-eabi/8.2.0/../../../../arm-none-eabi/lib/thumb/v7-m/nofp/libc_nano.a(lib_a-mlock.o)
                0x00000000080013b2                __malloc_unlock
 .text._free_r  0x00000000080013b4       0x98 /usr/lib/gcc/arm-none-eabi/8.2.0/../../../../arm-none-eabi/lib/thumb/v7-m/nofp/libc_nano.a(lib_a-nano-freer.o)
                0x00000000080013b4                _free_r
 .text._printf_common
                0x000000000800144c       0xec /usr/lib/gcc/arm-none-eabi/8.2.0/../../../../arm-none-eabi/lib/thumb/v7-m/nofp/libc_nano.a(lib_a-nano-vfprintf_i.o)
                0x000000000800144c                _printf_common
 .text._printf_i
                0x0000000008001538      0x22c /usr/lib/gcc/arm-none-eabi/8.2.0/../../../../arm-none-eabi/lib/thumb/v7-m/nofp/libc_nano.a(lib_a-nano-vfprintf_i.o)
                0x0000000008001538                _printf_i
 .text._read_r  0x0000000008001764       0x24 /usr/lib/gcc/arm-none-eabi/8.2.0/../../../../arm-none-eabi/lib/thumb/v7-m/nofp/libc_nano.a(lib_a-readr.o)
                0x0000000008001764                _read_r
 .text._fstat_r
                0x0000000008001788       0x24 /usr/lib/gcc/arm-none-eabi/8.2.0/../../../../arm-none-eabi/lib/thumb/v7-m/nofp/libc_nano.a(lib_a-fstatr.o)
                0x0000000008001788                _fstat_r
 .text._isatty_r
                0x00000000080017ac       0x20 /usr/lib/gcc/arm-none-eabi/8.2.0/../../../../arm-none-eabi/lib/thumb/v7-m/nofp/libc_nano.a(lib_a-isattyr.o)
                0x00000000080017ac                _isatty_r
 .text._close   0x00000000080017cc       0x10 /usr/lib/gcc/arm-none-eabi/8.2.0/../../../../arm-none-eabi/lib/thumb/v7-m/nofp/libnosys.a(close.o)
                0x00000000080017cc                _close
 .text._fstat   0x00000000080017dc       0x10 /usr/lib/gcc/arm-none-eabi/8.2.0/../../../../arm-none-eabi/lib/thumb/v7-m/nofp/libnosys.a(fstat.o)
                0x00000000080017dc                _fstat
 .text._isatty  0x00000000080017ec       0x10 /usr/lib/gcc/arm-none-eabi/8.2.0/../../../../arm-none-eabi/lib/thumb/v7-m/nofp/libnosys.a(isatty.o)
                0x00000000080017ec                _isatty
 .text._lseek   0x00000000080017fc       0x10 /usr/lib/gcc/arm-none-eabi/8.2.0/../../../../arm-none-eabi/lib/thumb/v7-m/nofp/libnosys.a(lseek.o)
                0x00000000080017fc                _lseek
 .text._read    0x000000000800180c       0x10 /usr/lib/gcc/arm-none-eabi/8.2.0/../../../../arm-none-eabi/lib/thumb/v7-m/nofp/libnosys.a(read.o)
                0x000000000800180c                _read
 .text._sbrk    0x000000000800181c       0x1c /usr/lib/gcc/arm-none-eabi/8.2.0/../../../../arm-none-eabi/lib/thumb/v7-m/nofp/libnosys.a(sbrk.o)
                0x000000000800181c                _sbrk
                0x0000000008001838                . = ALIGN (0x4)
 *(.rodata*)
 .rodata.main.str1.1
                0x0000000008001838       0x13 ./src/main.o
 *fill*         0x000000000800184b        0x1 
 .rodata.__sf_fake_stderr
                0x000000000800184c       0x20 /usr/lib/gcc/arm-none-eabi/8.2.0/../../../../arm-none-eabi/lib/thumb/v7-m/nofp/libc_nano.a(lib_a-findfp.o)
                0x000000000800184c                __sf_fake_stderr
 .rodata.__sf_fake_stdin
                0x000000000800186c       0x20 /usr/lib/gcc/arm-none-eabi/8.2.0/../../../../arm-none-eabi/lib/thumb/v7-m/nofp/libc_nano.a(lib_a-findfp.o)
                0x000000000800186c                __sf_fake_stdin
 .rodata.__sf_fake_stdout
                0x000000000800188c       0x20 /usr/lib/gcc/arm-none-eabi/8.2.0/../../../../arm-none-eabi/lib/thumb/v7-m/nofp/libc_nano.a(lib_a-findfp.o)
                0x000000000800188c                __sf_fake_stdout
 .rodata._global_impure_ptr
                0x00000000080018ac        0x4 /usr/lib/gcc/arm-none-eabi/8.2.0/../../../../arm-none-eabi/lib/thumb/v7-m/nofp/libc_nano.a(lib_a-impure.o)
                0x00000000080018ac                _global_impure_ptr
 .rodata._vfprintf_r.str1.1
                0x00000000080018b0       0x11 /usr/lib/gcc/arm-none-eabi/8.2.0/../../../../arm-none-eabi/lib/thumb/v7-m/nofp/libc_nano.a(lib_a-nano-vfprintf.o)
 .rodata._printf_i.str1.1
                0x00000000080018c1       0x22 /usr/lib/gcc/arm-none-eabi/8.2.0/../../../../arm-none-eabi/lib/thumb/v7-m/nofp/libc_nano.a(lib_a-nano-vfprintf_i.o)
                0x00000000080018e4                . = ALIGN (0x4)
 *fill*         0x00000000080018e3        0x1 

.glue_7         0x00000000080018e4        0x0
 .glue_7        0x00000000080018e4        0x0 linker stubs

.glue_7t        0x00000000080018e4        0x0
 .glue_7t       0x00000000080018e4        0x0 linker stubs

.vfp11_veneer   0x00000000080018e4        0x0
 .vfp11_veneer  0x00000000080018e4        0x0 linker stubs

.v4_bx          0x00000000080018e4        0x0
 .v4_bx         0x00000000080018e4        0x0 linker stubs

.iplt           0x00000000080018e4        0x0
 .iplt          0x00000000080018e4        0x0 ./src/main.o

.rel.dyn        0x00000000080018e4        0x0
 .rel.iplt      0x00000000080018e4        0x0 ./src/main.o

.preinit_array  0x00000000080018e4        0x0
                0x00000000080018e4                . = ALIGN (0x4)
                0x00000000080018e4                __preinit_array_start = .
 *(.preinit_array)
                0x00000000080018e4                __preinit_array_end = .

.init_array     0x00000000080018e4        0x0
                0x00000000080018e4                . = ALIGN (0x4)
                0x00000000080018e4                __init_array_start = .
 *(SORT_BY_NAME(.init_array.*))
 *(.init_array)
                0x00000000080018e4                __init_array_end = .

.fini_array     0x00000000080018e4        0x0
                0x00000000080018e4                . = ALIGN (0x4)
                0x00000000080018e4                __fini_array_start = .
 *(.fini_array)
 *(SORT_BY_NAME(.fini_array.*))
                0x00000000080018e4                __fini_array_end = .

.ARM.extab
 *(.ARM.extab*)

.ARM.exidx      0x00000000080018e4        0x0
                0x00000000080018e4                __exidx_start = .
 *(.ARM.exidx*)
                0x00000000080018e4                __exidx_end = .
                0x00000000080018e4                . = ALIGN (0x4)
                0x00000000080018e4                _etext = .

.data           0x0000000020000000      0x470 load address 0x00000000080018e4
                0x0000000020000000                _data = .
 *(.data*)
 .data.font8x8_basic
                0x0000000020000000      0x400 ./src/vga.o
                0x0000000020000000                font8x8_basic
 .data.rcc_ahb_frequency
                0x0000000020000400        0x4 /home/vbox/STM32/libopencm3-examples/libopencm3/lib/libopencm3_stm32f1.a(rcc.o)
                0x0000000020000400                rcc_ahb_frequency
 .data.rcc_apb1_frequency
                0x0000000020000404        0x4 /home/vbox/STM32/libopencm3-examples/libopencm3/lib/libopencm3_stm32f1.a(rcc.o)
                0x0000000020000404                rcc_apb1_frequency
 .data.rcc_apb2_frequency
                0x0000000020000408        0x4 /home/vbox/STM32/libopencm3-examples/libopencm3/lib/libopencm3_stm32f1.a(rcc.o)
                0x0000000020000408                rcc_apb2_frequency
 .data._impure_ptr
                0x000000002000040c        0x4 /usr/lib/gcc/arm-none-eabi/8.2.0/../../../../arm-none-eabi/lib/thumb/v7-m/nofp/libc_nano.a(lib_a-impure.o)
                0x000000002000040c                _impure_ptr
 .data.impure_data
                0x0000000020000410       0x60 /usr/lib/gcc/arm-none-eabi/8.2.0/../../../../arm-none-eabi/lib/thumb/v7-m/nofp/libc_nano.a(lib_a-impure.o)
                0x0000000020000470                . = ALIGN (0x4)
                0x0000000020000470                _edata = .
                0x00000000080018e4                _data_loadaddr = LOADADDR (.data)

.igot.plt       0x0000000020000470        0x0 load address 0x0000000008001d54
 .igot.plt      0x0000000020000470        0x0 ./src/main.o

.bss            0x0000000020000470      0x65c load address 0x0000000008001d54
 *(.bss*)
 .bss.lineCounter
                0x0000000020000470        0x4 ./src/vga.o
                0x0000000020000470                lineCounter
 .bss.__malloc_free_list
                0x0000000020000474        0x4 /usr/lib/gcc/arm-none-eabi/8.2.0/../../../../arm-none-eabi/lib/thumb/v7-m/nofp/libc_nano.a(lib_a-nano-mallocr.o)
                0x0000000020000474                __malloc_free_list
 .bss.__malloc_sbrk_start
                0x0000000020000478        0x4 /usr/lib/gcc/arm-none-eabi/8.2.0/../../../../arm-none-eabi/lib/thumb/v7-m/nofp/libc_nano.a(lib_a-nano-mallocr.o)
                0x0000000020000478                __malloc_sbrk_start
 .bss.heap_end.4194
                0x000000002000047c        0x4 /usr/lib/gcc/arm-none-eabi/8.2.0/../../../../arm-none-eabi/lib/thumb/v7-m/nofp/libnosys.a(sbrk.o)
 *(COMMON)
 COMMON         0x0000000020000480      0x646 ./src/vga.o
                0x0000000020000480                state
                0x0000000020000484                cbuffer
                0x0000000020000a60                line1
                0x0000000020000a94                line2
 *fill*         0x0000000020000ac6        0x2 
 COMMON         0x0000000020000ac8        0x4 /usr/lib/gcc/arm-none-eabi/8.2.0/../../../../arm-none-eabi/lib/thumb/v7-m/nofp/libc_nano.a(lib_a-reent.o)
                0x0000000020000ac8                errno
                0x0000000020000acc                . = ALIGN (0x4)
                0x0000000020000acc                _ebss = .

/DISCARD/
 *(.eh_frame)
                0x0000000020000acc                . = ALIGN (0x4)
                0x0000000020000acc                end = .
                0x0000000020005000                PROVIDE (_stack = (ORIGIN (ram) + LENGTH (ram)))
OUTPUT(STM32_Tests.elf elf32-littlearm)

.comment        0x0000000000000000       0x1d
 .comment       0x0000000000000000       0x1d ./src/main.o
                                         0x1e (size before relaxing)
 .comment       0x000000000000001d       0x1e ./src/vga.o
 .comment       0x000000000000001d       0x1e /home/vbox/STM32/libopencm3-examples/libopencm3/lib/libopencm3_stm32f1.a(gpio.o)
 .comment       0x000000000000001d       0x1e /home/vbox/STM32/libopencm3-examples/libopencm3/lib/libopencm3_stm32f1.a(rcc.o)
 .comment       0x000000000000001d       0x1e /home/vbox/STM32/libopencm3-examples/libopencm3/lib/libopencm3_stm32f1.a(dma_common_l1f013.o)
 .comment       0x000000000000001d       0x1e /home/vbox/STM32/libopencm3-examples/libopencm3/lib/libopencm3_stm32f1.a(gpio_common_all.o)
 .comment       0x000000000000001d       0x1e /home/vbox/STM32/libopencm3-examples/libopencm3/lib/libopencm3_stm32f1.a(timer_common_all.o)
 .comment       0x000000000000001d       0x1e /home/vbox/STM32/libopencm3-examples/libopencm3/lib/libopencm3_stm32f1.a(usart_common_all.o)
 .comment       0x000000000000001d       0x1e /home/vbox/STM32/libopencm3-examples/libopencm3/lib/libopencm3_stm32f1.a(usart_common_f124.o)
 .comment       0x000000000000001d       0x1e /home/vbox/STM32/libopencm3-examples/libopencm3/lib/libopencm3_stm32f1.a(rcc_common_all.o)
 .comment       0x000000000000001d       0x1e /home/vbox/STM32/libopencm3-examples/libopencm3/lib/libopencm3_stm32f1.a(flash_common_all.o)
 .comment       0x000000000000001d       0x1e /home/vbox/STM32/libopencm3-examples/libopencm3/lib/libopencm3_stm32f1.a(spi_common_all.o)
 .comment       0x000000000000001d       0x1e /home/vbox/STM32/libopencm3-examples/libopencm3/lib/libopencm3_stm32f1.a(spi_common_v1.o)
 .comment       0x000000000000001d       0x1e /home/vbox/STM32/libopencm3-examples/libopencm3/lib/libopencm3_stm32f1.a(vector.o)
 .comment       0x000000000000001d       0x1e /home/vbox/STM32/libopencm3-examples/libopencm3/lib/libopencm3_stm32f1.a(nvic.o)

.ARM.attributes
                0x0000000000000000       0x2d
 .ARM.attributes
                0x0000000000000000       0x2d ./src/main.o
 .ARM.attributes
                0x000000000000002d       0x2d ./src/vga.o
 .ARM.attributes
                0x000000000000005a       0x2d /home/vbox/STM32/libopencm3-examples/libopencm3/lib/libopencm3_stm32f1.a(gpio.o)
 .ARM.attributes
                0x0000000000000087       0x2d /home/vbox/STM32/libopencm3-examples/libopencm3/lib/libopencm3_stm32f1.a(rcc.o)
 .ARM.attributes
                0x00000000000000b4       0x2d /home/vbox/STM32/libopencm3-examples/libopencm3/lib/libopencm3_stm32f1.a(dma_common_l1f013.o)
 .ARM.attributes
                0x00000000000000e1       0x2d /home/vbox/STM32/libopencm3-examples/libopencm3/lib/libopencm3_stm32f1.a(gpio_common_all.o)
 .ARM.attributes
                0x000000000000010e       0x2d /home/vbox/STM32/libopencm3-examples/libopencm3/lib/libopencm3_stm32f1.a(timer_common_all.o)
 .ARM.attributes
                0x000000000000013b       0x2d /home/vbox/STM32/libopencm3-examples/libopencm3/lib/libopencm3_stm32f1.a(usart_common_all.o)
 .ARM.attributes
                0x0000000000000168       0x2d /home/vbox/STM32/libopencm3-examples/libopencm3/lib/libopencm3_stm32f1.a(usart_common_f124.o)
 .ARM.attributes
                0x0000000000000195       0x2d /home/vbox/STM32/libopencm3-examples/libopencm3/lib/libopencm3_stm32f1.a(rcc_common_all.o)
 .ARM.attributes
                0x00000000000001c2       0x2d /home/vbox/STM32/libopencm3-examples/libopencm3/lib/libopencm3_stm32f1.a(flash_common_all.o)
 .ARM.attributes
                0x00000000000001ef       0x2d /home/vbox/STM32/libopencm3-examples/libopencm3/lib/libopencm3_stm32f1.a(spi_common_all.o)
 .ARM.attributes
                0x000000000000021c       0x2d /home/vbox/STM32/libopencm3-examples/libopencm3/lib/libopencm3_stm32f1.a(spi_common_v1.o)
 .ARM.attributes
                0x0000000000000249       0x2d /home/vbox/STM32/libopencm3-examples/libopencm3/lib/libopencm3_stm32f1.a(vector.o)
 .ARM.attributes
                0x0000000000000276       0x2d /home/vbox/STM32/libopencm3-examples/libopencm3/lib/libopencm3_stm32f1.a(nvic.o)
 .ARM.attributes
                0x00000000000002a3       0x2d /usr/lib/gcc/arm-none-eabi/8.2.0/../../../../arm-none-eabi/lib/thumb/v7-m/nofp/libc_nano.a(lib_a-printf.o)
 .ARM.attributes
                0x00000000000002d0       0x2d /usr/lib/gcc/arm-none-eabi/8.2.0/../../../../arm-none-eabi/lib/thumb/v7-m/nofp/libc_nano.a(lib_a-findfp.o)
 .ARM.attributes
                0x00000000000002fd       0x2d /usr/lib/gcc/arm-none-eabi/8.2.0/../../../../arm-none-eabi/lib/thumb/v7-m/nofp/libc_nano.a(lib_a-fwalk.o)
 .ARM.attributes
                0x000000000000032a       0x2d /usr/lib/gcc/arm-none-eabi/8.2.0/../../../../arm-none-eabi/lib/thumb/v7-m/nofp/libc_nano.a(lib_a-impure.o)
 .ARM.attributes
                0x0000000000000357       0x2d /usr/lib/gcc/arm-none-eabi/8.2.0/../../../../arm-none-eabi/lib/thumb/v7-m/nofp/libc_nano.a(lib_a-memset.o)
 .ARM.attributes
                0x0000000000000384       0x2d /usr/lib/gcc/arm-none-eabi/8.2.0/../../../../arm-none-eabi/lib/thumb/v7-m/nofp/libc_nano.a(lib_a-nano-mallocr.o)
 .ARM.attributes
                0x00000000000003b1       0x2d /usr/lib/gcc/arm-none-eabi/8.2.0/../../../../arm-none-eabi/lib/thumb/v7-m/nofp/libc_nano.a(lib_a-nano-vfprintf.o)
 .ARM.attributes
                0x00000000000003de       0x2d /usr/lib/gcc/arm-none-eabi/8.2.0/../../../../arm-none-eabi/lib/thumb/v7-m/nofp/libc_nano.a(lib_a-sbrkr.o)
 .ARM.attributes
                0x000000000000040b       0x2d /usr/lib/gcc/arm-none-eabi/8.2.0/../../../../arm-none-eabi/lib/thumb/v7-m/nofp/libc_nano.a(lib_a-stdio.o)
 .ARM.attributes
                0x0000000000000438       0x2d /usr/lib/gcc/arm-none-eabi/8.2.0/../../../../arm-none-eabi/lib/thumb/v7-m/nofp/libc_nano.a(lib_a-wbuf.o)
 .ARM.attributes
                0x0000000000000465       0x2d /usr/lib/gcc/arm-none-eabi/8.2.0/../../../../arm-none-eabi/lib/thumb/v7-m/nofp/libc_nano.a(lib_a-writer.o)
 .ARM.attributes
                0x0000000000000492       0x2d /usr/lib/gcc/arm-none-eabi/8.2.0/../../../../arm-none-eabi/lib/thumb/v7-m/nofp/libc_nano.a(lib_a-wsetup.o)
 .ARM.attributes
                0x00000000000004bf       0x2d /usr/lib/gcc/arm-none-eabi/8.2.0/../../../../arm-none-eabi/lib/thumb/v7-m/nofp/libc_nano.a(lib_a-closer.o)
 .ARM.attributes
                0x00000000000004ec       0x2d /usr/lib/gcc/arm-none-eabi/8.2.0/../../../../arm-none-eabi/lib/thumb/v7-m/nofp/libc_nano.a(lib_a-fflush.o)
 .ARM.attributes
                0x0000000000000519       0x2d /usr/lib/gcc/arm-none-eabi/8.2.0/../../../../arm-none-eabi/lib/thumb/v7-m/nofp/libc_nano.a(lib_a-lseekr.o)
 .ARM.attributes
                0x0000000000000546       0x2d /usr/lib/gcc/arm-none-eabi/8.2.0/../../../../arm-none-eabi/lib/thumb/v7-m/nofp/libc_nano.a(lib_a-makebuf.o)
 .ARM.attributes
                0x0000000000000573       0x2d /usr/lib/gcc/arm-none-eabi/8.2.0/../../../../arm-none-eabi/lib/thumb/v7-m/nofp/libc_nano.a(lib_a-memchr-stub.o)
 .ARM.attributes
                0x00000000000005a0       0x2d /usr/lib/gcc/arm-none-eabi/8.2.0/../../../../arm-none-eabi/lib/thumb/v7-m/nofp/libc_nano.a(lib_a-mlock.o)
 .ARM.attributes
                0x00000000000005cd       0x2d /usr/lib/gcc/arm-none-eabi/8.2.0/../../../../arm-none-eabi/lib/thumb/v7-m/nofp/libc_nano.a(lib_a-nano-freer.o)
 .ARM.attributes
                0x00000000000005fa       0x2d /usr/lib/gcc/arm-none-eabi/8.2.0/../../../../arm-none-eabi/lib/thumb/v7-m/nofp/libc_nano.a(lib_a-nano-vfprintf_i.o)
 .ARM.attributes
                0x0000000000000627       0x2d /usr/lib/gcc/arm-none-eabi/8.2.0/../../../../arm-none-eabi/lib/thumb/v7-m/nofp/libc_nano.a(lib_a-readr.o)
 .ARM.attributes
                0x0000000000000654       0x2d /usr/lib/gcc/arm-none-eabi/8.2.0/../../../../arm-none-eabi/lib/thumb/v7-m/nofp/libc_nano.a(lib_a-reent.o)
 .ARM.attributes
                0x0000000000000681       0x2d /usr/lib/gcc/arm-none-eabi/8.2.0/../../../../arm-none-eabi/lib/thumb/v7-m/nofp/libc_nano.a(lib_a-fstatr.o)
 .ARM.attributes
                0x00000000000006ae       0x2d /usr/lib/gcc/arm-none-eabi/8.2.0/../../../../arm-none-eabi/lib/thumb/v7-m/nofp/libc_nano.a(lib_a-isattyr.o)
 .ARM.attributes
                0x00000000000006db       0x2d /usr/lib/gcc/arm-none-eabi/8.2.0/../../../../arm-none-eabi/lib/thumb/v7-m/nofp/libnosys.a(close.o)
 .ARM.attributes
                0x0000000000000708       0x2d /usr/lib/gcc/arm-none-eabi/8.2.0/../../../../arm-none-eabi/lib/thumb/v7-m/nofp/libnosys.a(fstat.o)
 .ARM.attributes
                0x0000000000000735       0x2d /usr/lib/gcc/arm-none-eabi/8.2.0/../../../../arm-none-eabi/lib/thumb/v7-m/nofp/libnosys.a(isatty.o)
 .ARM.attributes
                0x0000000000000762       0x2d /usr/lib/gcc/arm-none-eabi/8.2.0/../../../../arm-none-eabi/lib/thumb/v7-m/nofp/libnosys.a(lseek.o)
 .ARM.attributes
                0x000000000000078f       0x2d /usr/lib/gcc/arm-none-eabi/8.2.0/../../../../arm-none-eabi/lib/thumb/v7-m/nofp/libnosys.a(read.o)
 .ARM.attributes
                0x00000000000007bc       0x2d /usr/lib/gcc/arm-none-eabi/8.2.0/../../../../arm-none-eabi/lib/thumb/v7-m/nofp/libnosys.a(sbrk.o)

.debug_info     0x0000000000000000     0x4f38
 .debug_info    0x0000000000000000      0x216 /home/vbox/STM32/libopencm3-examples/libopencm3/lib/libopencm3_stm32f1.a(gpio.o)
 .debug_info    0x0000000000000216     0x125f /home/vbox/STM32/libopencm3-examples/libopencm3/lib/libopencm3_stm32f1.a(rcc.o)
 .debug_info    0x0000000000001475      0x7f4 /home/vbox/STM32/libopencm3-examples/libopencm3/lib/libopencm3_stm32f1.a(dma_common_l1f013.o)
 .debug_info    0x0000000000001c69      0x266 /home/vbox/STM32/libopencm3-examples/libopencm3/lib/libopencm3_stm32f1.a(gpio_common_all.o)
 .debug_info    0x0000000000001ecf     0x113e /home/vbox/STM32/libopencm3-examples/libopencm3/lib/libopencm3_stm32f1.a(timer_common_all.o)
 .debug_info    0x000000000000300d      0x52d /home/vbox/STM32/libopencm3-examples/libopencm3/lib/libopencm3_stm32f1.a(usart_common_all.o)
 .debug_info    0x000000000000353a      0x1c5 /home/vbox/STM32/libopencm3-examples/libopencm3/lib/libopencm3_stm32f1.a(usart_common_f124.o)
 .debug_info    0x00000000000036ff      0x639 /home/vbox/STM32/libopencm3-examples/libopencm3/lib/libopencm3_stm32f1.a(rcc_common_all.o)
 .debug_info    0x0000000000003d38       0xfc /home/vbox/STM32/libopencm3-examples/libopencm3/lib/libopencm3_stm32f1.a(flash_common_all.o)
 .debug_info    0x0000000000003e34      0xa10 /home/vbox/STM32/libopencm3-examples/libopencm3/lib/libopencm3_stm32f1.a(spi_common_all.o)
 .debug_info    0x0000000000004844      0x18b /home/vbox/STM32/libopencm3-examples/libopencm3/lib/libopencm3_stm32f1.a(spi_common_v1.o)
 .debug_info    0x00000000000049cf      0x318 /home/vbox/STM32/libopencm3-examples/libopencm3/lib/libopencm3_stm32f1.a(vector.o)
 .debug_info    0x0000000000004ce7      0x251 /home/vbox/STM32/libopencm3-examples/libopencm3/lib/libopencm3_stm32f1.a(nvic.o)

.debug_abbrev   0x0000000000000000     0x1090
 .debug_abbrev  0x0000000000000000       0xd0 /home/vbox/STM32/libopencm3-examples/libopencm3/lib/libopencm3_stm32f1.a(gpio.o)
 .debug_abbrev  0x00000000000000d0      0x2ce /home/vbox/STM32/libopencm3-examples/libopencm3/lib/libopencm3_stm32f1.a(rcc.o)
 .debug_abbrev  0x000000000000039e      0x161 /home/vbox/STM32/libopencm3-examples/libopencm3/lib/libopencm3_stm32f1.a(dma_common_l1f013.o)
 .debug_abbrev  0x00000000000004ff      0x116 /home/vbox/STM32/libopencm3-examples/libopencm3/lib/libopencm3_stm32f1.a(gpio_common_all.o)
 .debug_abbrev  0x0000000000000615      0x1b4 /home/vbox/STM32/libopencm3-examples/libopencm3/lib/libopencm3_stm32f1.a(timer_common_all.o)
 .debug_abbrev  0x00000000000007c9      0x129 /home/vbox/STM32/libopencm3-examples/libopencm3/lib/libopencm3_stm32f1.a(usart_common_all.o)
 .debug_abbrev  0x00000000000008f2       0xc8 /home/vbox/STM32/libopencm3-examples/libopencm3/lib/libopencm3_stm32f1.a(usart_common_f124.o)
 .debug_abbrev  0x00000000000009ba      0x158 /home/vbox/STM32/libopencm3-examples/libopencm3/lib/libopencm3_stm32f1.a(rcc_common_all.o)
 .debug_abbrev  0x0000000000000b12       0x9a /home/vbox/STM32/libopencm3-examples/libopencm3/lib/libopencm3_stm32f1.a(flash_common_all.o)
 .debug_abbrev  0x0000000000000bac      0x1e8 /home/vbox/STM32/libopencm3-examples/libopencm3/lib/libopencm3_stm32f1.a(spi_common_all.o)
 .debug_abbrev  0x0000000000000d94       0xe5 /home/vbox/STM32/libopencm3-examples/libopencm3/lib/libopencm3_stm32f1.a(spi_common_v1.o)
 .debug_abbrev  0x0000000000000e79      0x162 /home/vbox/STM32/libopencm3-examples/libopencm3/lib/libopencm3_stm32f1.a(vector.o)
 .debug_abbrev  0x0000000000000fdb       0xb5 /home/vbox/STM32/libopencm3-examples/libopencm3/lib/libopencm3_stm32f1.a(nvic.o)

.debug_loc      0x0000000000000000     0x1d0a
 .debug_loc     0x0000000000000000      0x170 /home/vbox/STM32/libopencm3-examples/libopencm3/lib/libopencm3_stm32f1.a(gpio.o)
 .debug_loc     0x0000000000000170      0x558 /home/vbox/STM32/libopencm3-examples/libopencm3/lib/libopencm3_stm32f1.a(rcc.o)
 .debug_loc     0x00000000000006c8      0x7f4 /home/vbox/STM32/libopencm3-examples/libopencm3/lib/libopencm3_stm32f1.a(dma_common_l1f013.o)
 .debug_loc     0x0000000000000ebc       0xbe /home/vbox/STM32/libopencm3-examples/libopencm3/lib/libopencm3_stm32f1.a(gpio_common_all.o)
 .debug_loc     0x0000000000000f7a      0x48d /home/vbox/STM32/libopencm3-examples/libopencm3/lib/libopencm3_stm32f1.a(timer_common_all.o)
 .debug_loc     0x0000000000001407      0x1e1 /home/vbox/STM32/libopencm3-examples/libopencm3/lib/libopencm3_stm32f1.a(usart_common_all.o)
 .debug_loc     0x00000000000015e8       0x99 /home/vbox/STM32/libopencm3-examples/libopencm3/lib/libopencm3_stm32f1.a(usart_common_f124.o)
 .debug_loc     0x0000000000001681      0x128 /home/vbox/STM32/libopencm3-examples/libopencm3/lib/libopencm3_stm32f1.a(rcc_common_all.o)
 .debug_loc     0x00000000000017a9       0x47 /home/vbox/STM32/libopencm3-examples/libopencm3/lib/libopencm3_stm32f1.a(flash_common_all.o)
 .debug_loc     0x00000000000017f0      0x195 /home/vbox/STM32/libopencm3-examples/libopencm3/lib/libopencm3_stm32f1.a(spi_common_all.o)
 .debug_loc     0x0000000000001985      0x124 /home/vbox/STM32/libopencm3-examples/libopencm3/lib/libopencm3_stm32f1.a(spi_common_v1.o)
 .debug_loc     0x0000000000001aa9      0x114 /home/vbox/STM32/libopencm3-examples/libopencm3/lib/libopencm3_stm32f1.a(vector.o)
 .debug_loc     0x0000000000001bbd      0x14d /home/vbox/STM32/libopencm3-examples/libopencm3/lib/libopencm3_stm32f1.a(nvic.o)

.debug_aranges  0x0000000000000000      0x900
 .debug_aranges
                0x0000000000000000       0x38 /home/vbox/STM32/libopencm3-examples/libopencm3/lib/libopencm3_stm32f1.a(gpio.o)
 .debug_aranges
                0x0000000000000038      0x158 /home/vbox/STM32/libopencm3-examples/libopencm3/lib/libopencm3_stm32f1.a(rcc.o)
 .debug_aranges
                0x0000000000000190       0xe8 /home/vbox/STM32/libopencm3-examples/libopencm3/lib/libopencm3_stm32f1.a(dma_common_l1f013.o)
 .debug_aranges
                0x0000000000000278       0x50 /home/vbox/STM32/libopencm3-examples/libopencm3/lib/libopencm3_stm32f1.a(gpio_common_all.o)
 .debug_aranges
                0x00000000000002c8      0x268 /home/vbox/STM32/libopencm3-examples/libopencm3/lib/libopencm3_stm32f1.a(timer_common_all.o)
 .debug_aranges
                0x0000000000000530       0xb8 /home/vbox/STM32/libopencm3-examples/libopencm3/lib/libopencm3_stm32f1.a(usart_common_all.o)
 .debug_aranges
                0x00000000000005e8       0x40 /home/vbox/STM32/libopencm3-examples/libopencm3/lib/libopencm3_stm32f1.a(usart_common_f124.o)
 .debug_aranges
                0x0000000000000628       0x68 /home/vbox/STM32/libopencm3-examples/libopencm3/lib/libopencm3_stm32f1.a(rcc_common_all.o)
 .debug_aranges
                0x0000000000000690       0x38 /home/vbox/STM32/libopencm3-examples/libopencm3/lib/libopencm3_stm32f1.a(flash_common_all.o)
 .debug_aranges
                0x00000000000006c8      0x178 /home/vbox/STM32/libopencm3-examples/libopencm3/lib/libopencm3_stm32f1.a(spi_common_all.o)
 .debug_aranges
                0x0000000000000840       0x30 /home/vbox/STM32/libopencm3-examples/libopencm3/lib/libopencm3_stm32f1.a(spi_common_v1.o)
 .debug_aranges
                0x0000000000000870       0x30 /home/vbox/STM32/libopencm3-examples/libopencm3/lib/libopencm3_stm32f1.a(vector.o)
 .debug_aranges
                0x00000000000008a0       0x60 /home/vbox/STM32/libopencm3-examples/libopencm3/lib/libopencm3_stm32f1.a(nvic.o)

.debug_ranges   0x0000000000000000      0x8b8
 .debug_ranges  0x0000000000000000       0x28 /home/vbox/STM32/libopencm3-examples/libopencm3/lib/libopencm3_stm32f1.a(gpio.o)
 .debug_ranges  0x0000000000000028      0x1b8 /home/vbox/STM32/libopencm3-examples/libopencm3/lib/libopencm3_stm32f1.a(rcc.o)
 .debug_ranges  0x00000000000001e0       0xd8 /home/vbox/STM32/libopencm3-examples/libopencm3/lib/libopencm3_stm32f1.a(dma_common_l1f013.o)
 .debug_ranges  0x00000000000002b8       0x40 /home/vbox/STM32/libopencm3-examples/libopencm3/lib/libopencm3_stm32f1.a(gpio_common_all.o)
 .debug_ranges  0x00000000000002f8      0x258 /home/vbox/STM32/libopencm3-examples/libopencm3/lib/libopencm3_stm32f1.a(timer_common_all.o)
 .debug_ranges  0x0000000000000550       0xa8 /home/vbox/STM32/libopencm3-examples/libopencm3/lib/libopencm3_stm32f1.a(usart_common_all.o)
 .debug_ranges  0x00000000000005f8       0x30 /home/vbox/STM32/libopencm3-examples/libopencm3/lib/libopencm3_stm32f1.a(usart_common_f124.o)
 .debug_ranges  0x0000000000000628       0x58 /home/vbox/STM32/libopencm3-examples/libopencm3/lib/libopencm3_stm32f1.a(rcc_common_all.o)
 .debug_ranges  0x0000000000000680       0x28 /home/vbox/STM32/libopencm3-examples/libopencm3/lib/libopencm3_stm32f1.a(flash_common_all.o)
 .debug_ranges  0x00000000000006a8      0x168 /home/vbox/STM32/libopencm3-examples/libopencm3/lib/libopencm3_stm32f1.a(spi_common_all.o)
 .debug_ranges  0x0000000000000810       0x20 /home/vbox/STM32/libopencm3-examples/libopencm3/lib/libopencm3_stm32f1.a(spi_common_v1.o)
 .debug_ranges  0x0000000000000830       0x38 /home/vbox/STM32/libopencm3-examples/libopencm3/lib/libopencm3_stm32f1.a(vector.o)
 .debug_ranges  0x0000000000000868       0x50 /home/vbox/STM32/libopencm3-examples/libopencm3/lib/libopencm3_stm32f1.a(nvic.o)

.debug_macro    0x0000000000000000     0x5683
 .debug_macro   0x0000000000000000       0xb9 /home/vbox/STM32/libopencm3-examples/libopencm3/lib/libopencm3_stm32f1.a(gpio.o)
 .debug_macro   0x00000000000000b9      0xa84 /home/vbox/STM32/libopencm3-examples/libopencm3/lib/libopencm3_stm32f1.a(gpio.o)
 .debug_macro   0x0000000000000b3d       0x22 /home/vbox/STM32/libopencm3-examples/libopencm3/lib/libopencm3_stm32f1.a(gpio.o)
 .debug_macro   0x0000000000000b5f       0x56 /home/vbox/STM32/libopencm3-examples/libopencm3/lib/libopencm3_stm32f1.a(gpio.o)
 .debug_macro   0x0000000000000bb5       0x51 /home/vbox/STM32/libopencm3-examples/libopencm3/lib/libopencm3_stm32f1.a(gpio.o)
 .debug_macro   0x0000000000000c06       0xef /home/vbox/STM32/libopencm3-examples/libopencm3/lib/libopencm3_stm32f1.a(gpio.o)
 .debug_macro   0x0000000000000cf5       0x6a /home/vbox/STM32/libopencm3-examples/libopencm3/lib/libopencm3_stm32f1.a(gpio.o)
 .debug_macro   0x0000000000000d5f      0x1df /home/vbox/STM32/libopencm3-examples/libopencm3/lib/libopencm3_stm32f1.a(gpio.o)
 .debug_macro   0x0000000000000f3e       0x22 /home/vbox/STM32/libopencm3-examples/libopencm3/lib/libopencm3_stm32f1.a(gpio.o)
 .debug_macro   0x0000000000000f60       0xfa /home/vbox/STM32/libopencm3-examples/libopencm3/lib/libopencm3_stm32f1.a(gpio.o)
 .debug_macro   0x000000000000105a       0x58 /home/vbox/STM32/libopencm3-examples/libopencm3/lib/libopencm3_stm32f1.a(gpio.o)
 .debug_macro   0x00000000000010b2      0x1b4 /home/vbox/STM32/libopencm3-examples/libopencm3/lib/libopencm3_stm32f1.a(gpio.o)
 .debug_macro   0x0000000000001266       0x76 /home/vbox/STM32/libopencm3-examples/libopencm3/lib/libopencm3_stm32f1.a(gpio.o)
 .debug_macro   0x00000000000012dc      0xdfd /home/vbox/STM32/libopencm3-examples/libopencm3/lib/libopencm3_stm32f1.a(gpio.o)
 .debug_macro   0x00000000000020d9       0xe8 /home/vbox/STM32/libopencm3-examples/libopencm3/lib/libopencm3_stm32f1.a(rcc.o)
 .debug_macro   0x00000000000021c1       0x16 /home/vbox/STM32/libopencm3-examples/libopencm3/lib/libopencm3_stm32f1.a(rcc.o)
 .debug_macro   0x00000000000021d7      0x82c /home/vbox/STM32/libopencm3-examples/libopencm3/lib/libopencm3_stm32f1.a(rcc.o)
 .debug_macro   0x0000000000002a03       0xee /home/vbox/STM32/libopencm3-examples/libopencm3/lib/libopencm3_stm32f1.a(rcc.o)
 .debug_macro   0x0000000000002af1       0x82 /home/vbox/STM32/libopencm3-examples/libopencm3/lib/libopencm3_stm32f1.a(rcc.o)
 .debug_macro   0x0000000000002b73       0xb4 /home/vbox/STM32/libopencm3-examples/libopencm3/lib/libopencm3_stm32f1.a(dma_common_l1f013.o)
 .debug_macro   0x0000000000002c27      0x4f5 /home/vbox/STM32/libopencm3-examples/libopencm3/lib/libopencm3_stm32f1.a(dma_common_l1f013.o)
 .debug_macro   0x000000000000311c       0xb9 /home/vbox/STM32/libopencm3-examples/libopencm3/lib/libopencm3_stm32f1.a(gpio_common_all.o)
 .debug_macro   0x00000000000031d5       0xcc /home/vbox/STM32/libopencm3-examples/libopencm3/lib/libopencm3_stm32f1.a(timer_common_all.o)
 .debug_macro   0x00000000000032a1      0xf96 /home/vbox/STM32/libopencm3-examples/libopencm3/lib/libopencm3_stm32f1.a(timer_common_all.o)
 .debug_macro   0x0000000000004237       0xdb /home/vbox/STM32/libopencm3-examples/libopencm3/lib/libopencm3_stm32f1.a(usart_common_all.o)
 .debug_macro   0x0000000000004312       0x94 /home/vbox/STM32/libopencm3-examples/libopencm3/lib/libopencm3_stm32f1.a(usart_common_all.o)
 .debug_macro   0x00000000000043a6      0x29e /home/vbox/STM32/libopencm3-examples/libopencm3/lib/libopencm3_stm32f1.a(usart_common_all.o)
 .debug_macro   0x0000000000004644       0xdb /home/vbox/STM32/libopencm3-examples/libopencm3/lib/libopencm3_stm32f1.a(usart_common_f124.o)
 .debug_macro   0x000000000000471f       0xcf /home/vbox/STM32/libopencm3-examples/libopencm3/lib/libopencm3_stm32f1.a(rcc_common_all.o)
 .debug_macro   0x00000000000047ee       0xc1 /home/vbox/STM32/libopencm3-examples/libopencm3/lib/libopencm3_stm32f1.a(flash_common_all.o)
 .debug_macro   0x00000000000048af       0xd5 /home/vbox/STM32/libopencm3-examples/libopencm3/lib/libopencm3_stm32f1.a(spi_common_all.o)
 .debug_macro   0x0000000000004984      0x2eb /home/vbox/STM32/libopencm3-examples/libopencm3/lib/libopencm3_stm32f1.a(spi_common_all.o)
 .debug_macro   0x0000000000004c6f       0x16 /home/vbox/STM32/libopencm3-examples/libopencm3/lib/libopencm3_stm32f1.a(spi_common_all.o)
 .debug_macro   0x0000000000004c85       0xd5 /home/vbox/STM32/libopencm3-examples/libopencm3/lib/libopencm3_stm32f1.a(spi_common_v1.o)
 .debug_macro   0x0000000000004d5a       0xd0 /home/vbox/STM32/libopencm3-examples/libopencm3/lib/libopencm3_stm32f1.a(vector.o)
 .debug_macro   0x0000000000004e2a      0x3a1 /home/vbox/STM32/libopencm3-examples/libopencm3/lib/libopencm3_stm32f1.a(vector.o)
 .debug_macro   0x00000000000051cb       0x6a /home/vbox/STM32/libopencm3-examples/libopencm3/lib/libopencm3_stm32f1.a(vector.o)
 .debug_macro   0x0000000000005235      0x1a2 /home/vbox/STM32/libopencm3-examples/libopencm3/lib/libopencm3_stm32f1.a(vector.o)
 .debug_macro   0x00000000000053d7       0xb4 /home/vbox/STM32/libopencm3-examples/libopencm3/lib/libopencm3_stm32f1.a(nvic.o)
 .debug_macro   0x000000000000548b       0x64 /home/vbox/STM32/libopencm3-examples/libopencm3/lib/libopencm3_stm32f1.a(nvic.o)
 .debug_macro   0x00000000000054ef      0x194 /home/vbox/STM32/libopencm3-examples/libopencm3/lib/libopencm3_stm32f1.a(nvic.o)

.debug_line     0x0000000000000000     0x4910
 .debug_line    0x0000000000000000      0x311 /home/vbox/STM32/libopencm3-examples/libopencm3/lib/libopencm3_stm32f1.a(gpio.o)
 .debug_line    0x0000000000000311      0xc3f /home/vbox/STM32/libopencm3-examples/libopencm3/lib/libopencm3_stm32f1.a(rcc.o)
 .debug_line    0x0000000000000f50      0x5bb /home/vbox/STM32/libopencm3-examples/libopencm3/lib/libopencm3_stm32f1.a(dma_common_l1f013.o)
 .debug_line    0x000000000000150b      0x334 /home/vbox/STM32/libopencm3-examples/libopencm3/lib/libopencm3_stm32f1.a(gpio_common_all.o)
 .debug_line    0x000000000000183f     0x1007 /home/vbox/STM32/libopencm3-examples/libopencm3/lib/libopencm3_stm32f1.a(timer_common_all.o)
 .debug_line    0x0000000000002846      0x53b /home/vbox/STM32/libopencm3-examples/libopencm3/lib/libopencm3_stm32f1.a(usart_common_all.o)
 .debug_line    0x0000000000002d81      0x31b /home/vbox/STM32/libopencm3-examples/libopencm3/lib/libopencm3_stm32f1.a(usart_common_f124.o)
 .debug_line    0x000000000000309c      0x3b4 /home/vbox/STM32/libopencm3-examples/libopencm3/lib/libopencm3_stm32f1.a(rcc_common_all.o)
 .debug_line    0x0000000000003450      0x2e5 /home/vbox/STM32/libopencm3-examples/libopencm3/lib/libopencm3_stm32f1.a(flash_common_all.o)
 .debug_line    0x0000000000003735      0x84a /home/vbox/STM32/libopencm3-examples/libopencm3/lib/libopencm3_stm32f1.a(spi_common_all.o)
 .debug_line    0x0000000000003f7f      0x2ec /home/vbox/STM32/libopencm3-examples/libopencm3/lib/libopencm3_stm32f1.a(spi_common_v1.o)
 .debug_line    0x000000000000426b      0x35b /home/vbox/STM32/libopencm3-examples/libopencm3/lib/libopencm3_stm32f1.a(vector.o)
 .debug_line    0x00000000000045c6      0x34a /home/vbox/STM32/libopencm3-examples/libopencm3/lib/libopencm3_stm32f1.a(nvic.o)

.debug_str      0x0000000000000000    0x17661
 .debug_str     0x0000000000000000     0x8302 /home/vbox/STM32/libopencm3-examples/libopencm3/lib/libopencm3_stm32f1.a(gpio.o)
                                       0x847c (size before relaxing)
 .debug_str     0x0000000000008302     0x311a /home/vbox/STM32/libopencm3-examples/libopencm3/lib/libopencm3_stm32f1.a(rcc.o)
                                       0x7d87 (size before relaxing)
 .debug_str     0x000000000000b41c     0x1f08 /home/vbox/STM32/libopencm3-examples/libopencm3/lib/libopencm3_stm32f1.a(dma_common_l1f013.o)
                                       0x6b9b (size before relaxing)
 .debug_str     0x000000000000d324       0x7a /home/vbox/STM32/libopencm3-examples/libopencm3/lib/libopencm3_stm32f1.a(gpio_common_all.o)
                                       0x8470 (size before relaxing)
 .debug_str     0x000000000000d39e     0x4b59 /home/vbox/STM32/libopencm3-examples/libopencm3/lib/libopencm3_stm32f1.a(timer_common_all.o)
                                       0xbc56 (size before relaxing)
 .debug_str     0x0000000000011ef7     0x1183 /home/vbox/STM32/libopencm3-examples/libopencm3/lib/libopencm3_stm32f1.a(usart_common_all.o)
                                       0x825c (size before relaxing)
 .debug_str     0x000000000001307a       0x2d /home/vbox/STM32/libopencm3-examples/libopencm3/lib/libopencm3_stm32f1.a(usart_common_f124.o)
                                       0x8096 (size before relaxing)
 .debug_str     0x00000000000130a7      0x5a9 /home/vbox/STM32/libopencm3-examples/libopencm3/lib/libopencm3_stm32f1.a(rcc_common_all.o)
                                       0x769d (size before relaxing)
 .debug_str     0x0000000000013650       0x64 /home/vbox/STM32/libopencm3-examples/libopencm3/lib/libopencm3_stm32f1.a(flash_common_all.o)
                                       0x5460 (size before relaxing)
 .debug_str     0x00000000000136b4     0x11d1 /home/vbox/STM32/libopencm3-examples/libopencm3/lib/libopencm3_stm32f1.a(spi_common_all.o)
                                       0x849d (size before relaxing)
 .debug_str     0x0000000000014885       0x60 /home/vbox/STM32/libopencm3-examples/libopencm3/lib/libopencm3_stm32f1.a(spi_common_v1.o)
                                       0x7eae (size before relaxing)
 .debug_str     0x00000000000148e5     0x24ec /home/vbox/STM32/libopencm3-examples/libopencm3/lib/libopencm3_stm32f1.a(vector.o)
                                       0x65c4 (size before relaxing)
 .debug_str     0x0000000000016dd1      0x890 /home/vbox/STM32/libopencm3-examples/libopencm3/lib/libopencm3_stm32f1.a(nvic.o)
                                       0x5179 (size before relaxing)

.debug_frame    0x0000000000000000     0x190c
 .debug_frame   0x0000000000000000       0x60 /home/vbox/STM32/libopencm3-examples/libopencm3/lib/libopencm3_stm32f1.a(gpio.o)
 .debug_frame   0x0000000000000060      0x2e0 /home/vbox/STM32/libopencm3-examples/libopencm3/lib/libopencm3_stm32f1.a(rcc.o)
 .debug_frame   0x0000000000000340      0x1b0 /home/vbox/STM32/libopencm3-examples/libopencm3/lib/libopencm3_stm32f1.a(dma_common_l1f013.o)
 .debug_frame   0x00000000000004f0       0x80 /home/vbox/STM32/libopencm3-examples/libopencm3/lib/libopencm3_stm32f1.a(gpio_common_all.o)
 .debug_frame   0x0000000000000570      0x4d0 /home/vbox/STM32/libopencm3-examples/libopencm3/lib/libopencm3_stm32f1.a(timer_common_all.o)
 .debug_frame   0x0000000000000a40      0x170 /home/vbox/STM32/libopencm3-examples/libopencm3/lib/libopencm3_stm32f1.a(usart_common_all.o)
 .debug_frame   0x0000000000000bb0       0x60 /home/vbox/STM32/libopencm3-examples/libopencm3/lib/libopencm3_stm32f1.a(usart_common_f124.o)
 .debug_frame   0x0000000000000c10       0xd0 /home/vbox/STM32/libopencm3-examples/libopencm3/lib/libopencm3_stm32f1.a(rcc_common_all.o)
 .debug_frame   0x0000000000000ce0       0x50 /home/vbox/STM32/libopencm3-examples/libopencm3/lib/libopencm3_stm32f1.a(flash_common_all.o)
 .debug_frame   0x0000000000000d30      0x2d0 /home/vbox/STM32/libopencm3-examples/libopencm3/lib/libopencm3_stm32f1.a(spi_common_all.o)
 .debug_frame   0x0000000000001000       0x4c /home/vbox/STM32/libopencm3-examples/libopencm3/lib/libopencm3_stm32f1.a(spi_common_v1.o)
 .debug_frame   0x000000000000104c       0x4c /home/vbox/STM32/libopencm3-examples/libopencm3/lib/libopencm3_stm32f1.a(vector.o)
 .debug_frame   0x0000000000001098       0xa0 /home/vbox/STM32/libopencm3-examples/libopencm3/lib/libopencm3_stm32f1.a(nvic.o)
 .debug_frame   0x0000000000001138       0x74 /usr/lib/gcc/arm-none-eabi/8.2.0/../../../../arm-none-eabi/lib/thumb/v7-m/nofp/libc_nano.a(lib_a-printf.o)
 .debug_frame   0x00000000000011ac      0x11c /usr/lib/gcc/arm-none-eabi/8.2.0/../../../../arm-none-eabi/lib/thumb/v7-m/nofp/libc_nano.a(lib_a-findfp.o)
 .debug_frame   0x00000000000012c8       0x54 /usr/lib/gcc/arm-none-eabi/8.2.0/../../../../arm-none-eabi/lib/thumb/v7-m/nofp/libc_nano.a(lib_a-fwalk.o)
 .debug_frame   0x000000000000131c       0x20 /usr/lib/gcc/arm-none-eabi/8.2.0/../../../../arm-none-eabi/lib/thumb/v7-m/nofp/libc_nano.a(lib_a-memset.o)
 .debug_frame   0x000000000000133c       0x30 /usr/lib/gcc/arm-none-eabi/8.2.0/../../../../arm-none-eabi/lib/thumb/v7-m/nofp/libc_nano.a(lib_a-nano-mallocr.o)
 .debug_frame   0x000000000000136c       0xac /usr/lib/gcc/arm-none-eabi/8.2.0/../../../../arm-none-eabi/lib/thumb/v7-m/nofp/libc_nano.a(lib_a-nano-vfprintf.o)
 .debug_frame   0x0000000000001418       0x2c /usr/lib/gcc/arm-none-eabi/8.2.0/../../../../arm-none-eabi/lib/thumb/v7-m/nofp/libc_nano.a(lib_a-sbrkr.o)
 .debug_frame   0x0000000000001444       0x88 /usr/lib/gcc/arm-none-eabi/8.2.0/../../../../arm-none-eabi/lib/thumb/v7-m/nofp/libc_nano.a(lib_a-stdio.o)
 .debug_frame   0x00000000000014cc       0x40 /usr/lib/gcc/arm-none-eabi/8.2.0/../../../../arm-none-eabi/lib/thumb/v7-m/nofp/libc_nano.a(lib_a-wbuf.o)
 .debug_frame   0x000000000000150c       0x2c /usr/lib/gcc/arm-none-eabi/8.2.0/../../../../arm-none-eabi/lib/thumb/v7-m/nofp/libc_nano.a(lib_a-writer.o)
 .debug_frame   0x0000000000001538       0x2c /usr/lib/gcc/arm-none-eabi/8.2.0/../../../../arm-none-eabi/lib/thumb/v7-m/nofp/libc_nano.a(lib_a-wsetup.o)
 .debug_frame   0x0000000000001564       0x2c /usr/lib/gcc/arm-none-eabi/8.2.0/../../../../arm-none-eabi/lib/thumb/v7-m/nofp/libc_nano.a(lib_a-closer.o)
 .debug_frame   0x0000000000001590       0x68 /usr/lib/gcc/arm-none-eabi/8.2.0/../../../../arm-none-eabi/lib/thumb/v7-m/nofp/libc_nano.a(lib_a-fflush.o)
 .debug_frame   0x00000000000015f8       0x2c /usr/lib/gcc/arm-none-eabi/8.2.0/../../../../arm-none-eabi/lib/thumb/v7-m/nofp/libc_nano.a(lib_a-lseekr.o)
 .debug_frame   0x0000000000001624       0x58 /usr/lib/gcc/arm-none-eabi/8.2.0/../../../../arm-none-eabi/lib/thumb/v7-m/nofp/libc_nano.a(lib_a-makebuf.o)
 .debug_frame   0x000000000000167c       0x28 /usr/lib/gcc/arm-none-eabi/8.2.0/../../../../arm-none-eabi/lib/thumb/v7-m/nofp/libc_nano.a(lib_a-memchr-stub.o)
 .debug_frame   0x00000000000016a4       0x30 /usr/lib/gcc/arm-none-eabi/8.2.0/../../../../arm-none-eabi/lib/thumb/v7-m/nofp/libc_nano.a(lib_a-mlock.o)
 .debug_frame   0x00000000000016d4       0x38 /usr/lib/gcc/arm-none-eabi/8.2.0/../../../../arm-none-eabi/lib/thumb/v7-m/nofp/libc_nano.a(lib_a-nano-freer.o)
 .debug_frame   0x000000000000170c       0x60 /usr/lib/gcc/arm-none-eabi/8.2.0/../../../../arm-none-eabi/lib/thumb/v7-m/nofp/libc_nano.a(lib_a-nano-vfprintf_i.o)
 .debug_frame   0x000000000000176c       0x2c /usr/lib/gcc/arm-none-eabi/8.2.0/../../../../arm-none-eabi/lib/thumb/v7-m/nofp/libc_nano.a(lib_a-readr.o)
 .debug_frame   0x0000000000001798       0x5c /usr/lib/gcc/arm-none-eabi/8.2.0/../../../../arm-none-eabi/lib/thumb/v7-m/nofp/libc_nano.a(lib_a-reent.o)
 .debug_frame   0x00000000000017f4       0x2c /usr/lib/gcc/arm-none-eabi/8.2.0/../../../../arm-none-eabi/lib/thumb/v7-m/nofp/libc_nano.a(lib_a-fstatr.o)
 .debug_frame   0x0000000000001820       0x2c /usr/lib/gcc/arm-none-eabi/8.2.0/../../../../arm-none-eabi/lib/thumb/v7-m/nofp/libc_nano.a(lib_a-isattyr.o)
 .debug_frame   0x000000000000184c       0x20 /usr/lib/gcc/arm-none-eabi/8.2.0/../../../../arm-none-eabi/lib/thumb/v7-m/nofp/libnosys.a(close.o)
 .debug_frame   0x000000000000186c       0x20 /usr/lib/gcc/arm-none-eabi/8.2.0/../../../../arm-none-eabi/lib/thumb/v7-m/nofp/libnosys.a(fstat.o)
 .debug_frame   0x000000000000188c       0x20 /usr/lib/gcc/arm-none-eabi/8.2.0/../../../../arm-none-eabi/lib/thumb/v7-m/nofp/libnosys.a(isatty.o)
 .debug_frame   0x00000000000018ac       0x20 /usr/lib/gcc/arm-none-eabi/8.2.0/../../../../arm-none-eabi/lib/thumb/v7-m/nofp/libnosys.a(lseek.o)
 .debug_frame   0x00000000000018cc       0x20 /usr/lib/gcc/arm-none-eabi/8.2.0/../../../../arm-none-eabi/lib/thumb/v7-m/nofp/libnosys.a(read.o)
 .debug_frame   0x00000000000018ec       0x20 /usr/lib/gcc/arm-none-eabi/8.2.0/../../../../arm-none-eabi/lib/thumb/v7-m/nofp/libnosys.a(sbrk.o)

.stab           0x0000000000000000       0x84
 .stab          0x0000000000000000       0x24 /usr/lib/gcc/arm-none-eabi/8.2.0/../../../../arm-none-eabi/lib/thumb/v7-m/nofp/libnosys.a(close.o)
 .stab          0x0000000000000024       0x18 /usr/lib/gcc/arm-none-eabi/8.2.0/../../../../arm-none-eabi/lib/thumb/v7-m/nofp/libnosys.a(fstat.o)
                                         0x24 (size before relaxing)
 .stab          0x000000000000003c       0x18 /usr/lib/gcc/arm-none-eabi/8.2.0/../../../../arm-none-eabi/lib/thumb/v7-m/nofp/libnosys.a(isatty.o)
                                         0x24 (size before relaxing)
 .stab          0x0000000000000054       0x18 /usr/lib/gcc/arm-none-eabi/8.2.0/../../../../arm-none-eabi/lib/thumb/v7-m/nofp/libnosys.a(lseek.o)
                                         0x24 (size before relaxing)
 .stab          0x000000000000006c       0x18 /usr/lib/gcc/arm-none-eabi/8.2.0/../../../../arm-none-eabi/lib/thumb/v7-m/nofp/libnosys.a(read.o)
                                         0x24 (size before relaxing)

.stabstr        0x0000000000000000      0x117
 .stabstr       0x0000000000000000      0x117 /usr/lib/gcc/arm-none-eabi/8.2.0/../../../../arm-none-eabi/lib/thumb/v7-m/nofp/libnosys.a(close.o)
